Origin_ID,Start_time,Walk_time1,BStop_ID1,Wait_time1,Bus_start_time1,Line_ID1,Ride_time1,AStop_ID1,Bus_finish_time1,Walk_time2,BStop_ID2,Wait_time2,Bus_start_time2,Line_ID2,Ride_time2,AStop_ID2,Bus_finish_time2,Walk_time3,BStop_ID3,Wait_time3,Bus_start_time3,Line_ID3,Ride_time3,AStop_ID3,Bus_finish_time3,DestWalk_time,Destination_ID,Destination_time,Legs,Duration
1010,07:59:59,,,,,,,,,,,,,,,,,,,,,,,,,0,1010,07:59:59,0,0
1010,07:59:59,,,,,,,,,,,,,,,,,,,,,,,,,80,1009,08:01:19,0,80
1010,08:00:00,0,s:41,0,08:00:00,1_0,204,s:0,08:03:24,,,,,,,,,,,,,,,,,66,1001,08:04:30,1,270
1010,08:03:00,0,s:41,0,08:03:00,1_1,204,s:0,08:06:24,0,s:0,19,08:06:43,3_13,85,s:13,08:08:08,,,,,,,,,94,1003,08:09:42,2,402
1010,08:03:00,0,s:41,0,08:03:00,1_1,204,s:0,08:06:24,0,s:0,19,08:06:43,3_13,170,s:33,08:09:33,,,,,,,,,0,1011,08:09:33,2,393
